// Jest Snapshot v1, https://goo.gl/fbAQLP

exports[`MovieList snapshot Should movies list render correctly 1`] = `
Array [
  <article
    className="small-movie-card catalog__movies-card"
  >
    <div
      className="small-movie-card__image"
      onClick={[Function]}
      onMouseEnter={[Function]}
      onMouseOut={[Function]}
    >
      <video>
        Sorry, this preview is not available in your browser
      </video>
    </div>
    <h3
      className="small-movie-card__title"
      onClick={[Function]}
    >
      <a
        className="small-movie-card__link"
        href="movie-page.html"
      >
        Fantastic Beasts: The Crimes of Grindelwald
      </a>
    </h3>
  </article>,
  <article
    className="small-movie-card catalog__movies-card"
  >
    <div
      className="small-movie-card__image"
      onClick={[Function]}
      onMouseEnter={[Function]}
      onMouseOut={[Function]}
    >
      <video>
        Sorry, this preview is not available in your browser
      </video>
    </div>
    <h3
      className="small-movie-card__title"
      onClick={[Function]}
    >
      <a
        className="small-movie-card__link"
        href="movie-page.html"
      >
        Bohemian Rhapsody
      </a>
    </h3>
  </article>,
  <article
    className="small-movie-card catalog__movies-card"
  >
    <div
      className="small-movie-card__image"
      onClick={[Function]}
      onMouseEnter={[Function]}
      onMouseOut={[Function]}
    >
      <video>
        Sorry, this preview is not available in your browser
      </video>
    </div>
    <h3
      className="small-movie-card__title"
      onClick={[Function]}
    >
      <a
        className="small-movie-card__link"
        href="movie-page.html"
      >
        Macbeth
      </a>
    </h3>
  </article>,
  <article
    className="small-movie-card catalog__movies-card"
  >
    <div
      className="small-movie-card__image"
      onClick={[Function]}
      onMouseEnter={[Function]}
      onMouseOut={[Function]}
    >
      <video>
        Sorry, this preview is not available in your browser
      </video>
    </div>
    <h3
      className="small-movie-card__title"
      onClick={[Function]}
    >
      <a
        className="small-movie-card__link"
        href="movie-page.html"
      >
        Aviator
      </a>
    </h3>
  </article>,
  <article
    className="small-movie-card catalog__movies-card"
  >
    <div
      className="small-movie-card__image"
      onClick={[Function]}
      onMouseEnter={[Function]}
      onMouseOut={[Function]}
    >
      <video>
        Sorry, this preview is not available in your browser
      </video>
    </div>
    <h3
      className="small-movie-card__title"
      onClick={[Function]}
    >
      <a
        className="small-movie-card__link"
        href="movie-page.html"
      >
        We Need To Talk About Kevin
      </a>
    </h3>
  </article>,
  <article
    className="small-movie-card catalog__movies-card"
  >
    <div
      className="small-movie-card__image"
      onClick={[Function]}
      onMouseEnter={[Function]}
      onMouseOut={[Function]}
    >
      <video>
        Sorry, this preview is not available in your browser
      </video>
    </div>
    <h3
      className="small-movie-card__title"
      onClick={[Function]}
    >
      <a
        className="small-movie-card__link"
        href="movie-page.html"
      >
        What We Do In The Shadows
      </a>
    </h3>
  </article>,
  <article
    className="small-movie-card catalog__movies-card"
  >
    <div
      className="small-movie-card__image"
      onClick={[Function]}
      onMouseEnter={[Function]}
      onMouseOut={[Function]}
    >
      <video>
        Sorry, this preview is not available in your browser
      </video>
    </div>
    <h3
      className="small-movie-card__title"
      onClick={[Function]}
    >
      <a
        className="small-movie-card__link"
        href="movie-page.html"
      >
        Revenant
      </a>
    </h3>
  </article>,
  <article
    className="small-movie-card catalog__movies-card"
  >
    <div
      className="small-movie-card__image"
      onClick={[Function]}
      onMouseEnter={[Function]}
      onMouseOut={[Function]}
    >
      <video>
        Sorry, this preview is not available in your browser
      </video>
    </div>
    <h3
      className="small-movie-card__title"
      onClick={[Function]}
    >
      <a
        className="small-movie-card__link"
        href="movie-page.html"
      >
        Jonny English
      </a>
    </h3>
  </article>,
  <article
    className="small-movie-card catalog__movies-card"
  >
    <div
      className="small-movie-card__image"
      onClick={[Function]}
      onMouseEnter={[Function]}
      onMouseOut={[Function]}
    >
      <video>
        Sorry, this preview is not available in your browser
      </video>
    </div>
    <h3
      className="small-movie-card__title"
      onClick={[Function]}
    >
      <a
        className="small-movie-card__link"
        href="movie-page.html"
      >
        Interstellar
      </a>
    </h3>
  </article>,
  <article
    className="small-movie-card catalog__movies-card"
  >
    <div
      className="small-movie-card__image"
      onClick={[Function]}
      onMouseEnter={[Function]}
      onMouseOut={[Function]}
    >
      <video>
        Sorry, this preview is not available in your browser
      </video>
    </div>
    <h3
      className="small-movie-card__title"
      onClick={[Function]}
    >
      <a
        className="small-movie-card__link"
        href="movie-page.html"
      >
        GodFather
      </a>
    </h3>
  </article>,
  <article
    className="small-movie-card catalog__movies-card"
  >
    <div
      className="small-movie-card__image"
      onClick={[Function]}
      onMouseEnter={[Function]}
      onMouseOut={[Function]}
    >
      <video>
        Sorry, this preview is not available in your browser
      </video>
    </div>
    <h3
      className="small-movie-card__title"
      onClick={[Function]}
    >
      <a
        className="small-movie-card__link"
        href="movie-page.html"
      >
        Once in America
      </a>
    </h3>
  </article>,
  <article
    className="small-movie-card catalog__movies-card"
  >
    <div
      className="small-movie-card__image"
      onClick={[Function]}
      onMouseEnter={[Function]}
      onMouseOut={[Function]}
    >
      <video>
        Sorry, this preview is not available in your browser
      </video>
    </div>
    <h3
      className="small-movie-card__title"
      onClick={[Function]}
    >
      <a
        className="small-movie-card__link"
        href="movie-page.html"
      >
        Harry Potter Saga
      </a>
    </h3>
  </article>,
  <article
    className="small-movie-card catalog__movies-card"
  >
    <div
      className="small-movie-card__image"
      onClick={[Function]}
      onMouseEnter={[Function]}
      onMouseOut={[Function]}
    >
      <video>
        Sorry, this preview is not available in your browser
      </video>
    </div>
    <h3
      className="small-movie-card__title"
      onClick={[Function]}
    >
      <a
        className="small-movie-card__link"
        href="movie-page.html"
      >
        Reason
      </a>
    </h3>
  </article>,
]
`;
